[2026-09-17T02:52:26.237Z] auto-deploy iniciado (quota guard)
[2026-09-17T02:52:26.388Z] staging pronto: C:\Users\Fabio\AppData\Local\Temp\opencode\deploystage (frontend/)
[2026-09-17T02:52:27.863Z] vercel exit=1
[2026-09-17T02:52:27.864Z] quota ainda fechada (rate limit). Sair sem custo. Próxima tentativa no próximo ciclo.
[2026-09-17T03:07:02.643Z] auto-deploy iniciado (quota guard)
[2026-09-17T03:07:03.311Z] staging pronto: C:\Users\Fabio\AppData\Local\Temp\opencode\deploystage (frontend/)
[2026-09-17T03:07:57.214Z] vercel exit=0
[2026-09-17T03:07:57.238Z] DEPLOY OK -> magic-leads-frontend-final-v1ov85j5m-fabio-dev2.vercel.app em 55s
[2026-09-17T03:07:57.242Z] FINGERPRINT do deploy: magic-leads-frontend-final-v1ov85j5m-fabio-dev2.vercel.app
[2026-09-17T03:07:57.250Z] task  removida (sucesso).
[2026-09-17T03:11:35.334Z] auto-deploy iniciado (quota guard)
[2026-09-17T03:11:37.995Z] vercel exit=1
[2026-09-17T03:11:37.996Z] quota ainda fechada (rate limit). Sair sem custo. Próxima tentativa no próximo ciclo.
[2026-09-17T13:27:01.953Z] auto-deploy iniciado (quota guard)
[2026-09-17T13:28:07.275Z] vercel exit=0
[2026-09-17T13:28:07.277Z] DEPLOY CRIADO -> magic-leads-frontend-final-33vg2r91f-fabio-dev2.vercel.app em 65s (build é assíncrono)
[2026-09-17T13:28:07.409Z] task MagicLeads-AutoDeployFront removida (sucesso).
[2026-09-17T13:29:20.964Z] auto-deploy iniciado (quota guard)
[2026-09-17T13:29:22.057Z] vercel exit=1
[2026-09-17T13:29:22.063Z] DEPLOY FALHOU (não foi rate-limit). Exit=1. Resposta: Vercel CLI 59.13.1 (Node.js 22.15.0) Error: Cannot find module 'C:\Users\Fabio\AppData\Local\Temp\opencode\node-portable\node_modules\vercel\dist\chunks\setup-and-link-R5N7WJ46.js' imported from C:\Users\Fabio\AppData\Local\Temp\opencode\node-portable\node_modules\vercel\dist\chunks\chunk-66LPM47Z.js 
[2026-09-17T13:48:01.947Z] auto-deploy iniciado (quota guard)
[2026-09-17T13:48:06.961Z] vercel exit=1
[2026-09-17T13:48:06.963Z] DEPLOY FALHOU (não foi rate-limit). Exit=1. Resposta: Vercel CLI 59.13.1 (Node.js 22.15.0) Loading teams…    Directory       ~\Documents\Default Project\garimpador-leads  Searching for existing projects… Detected services: • frontend  [Next.js]   • backend   [FastAPI]   Error: The top-level property `framework` cannot be used with `services` because the owning service is ambiguous. Move it under the relevant service in `services`. 
[2026-09-17T14:03:02.010Z] auto-deploy iniciado (quota guard)
[2026-09-17T14:03:04.193Z] vercel exit=1
[2026-09-17T14:03:04.194Z] DEPLOY FALHOU (não foi rate-limit). Exit=1. Resposta: Vercel CLI 59.13.1 (Node.js 22.15.0) Loading teams…    Directory       ~\Documents\Default Project\garimpador-leads  Searching for existing projects… Detected services: • frontend  [Next.js]   • backend   [FastAPI]   Error: The top-level property `framework` cannot be used with `services` because the owning service is ambiguous. Move it under the relevant service in `services`. 
[2026-09-17T14:18:03.637Z] auto-deploy iniciado (quota guard)
[2026-09-17T14:18:07.594Z] vercel exit=1
[2026-09-17T14:18:07.597Z] DEPLOY FALHOU (não foi rate-limit). Exit=1. Resposta: Vercel CLI 59.13.1 (Node.js 22.15.0) Loading teams…    Directory       ~\Documents\Default Project\garimpador-leads  Searching for existing projects… Detected services: • frontend  [Next.js]   • backend   [FastAPI]   Error: The top-level property `framework` cannot be used with `services` because the owning service is ambiguous. Move it under the relevant service in `services`. 
[2026-09-17T14:33:02.035Z] auto-deploy iniciado (quota guard)
[2026-09-17T14:33:04.448Z] vercel exit=1
[2026-09-17T14:33:04.449Z] DEPLOY FALHOU (não foi rate-limit). Exit=1. Resposta: Vercel CLI 59.13.1 (Node.js 22.15.0) Loading teams…    Directory       ~\Documents\Default Project\garimpador-leads  Searching for existing projects… Detected services: • frontend  [Next.js]   • backend   [FastAPI]   Error: The top-level property `framework` cannot be used with `services` because the owning service is ambiguous. Move it under the relevant service in `services`. 
[2026-09-17T14:48:02.062Z] auto-deploy iniciado (quota guard)
[2026-09-17T14:48:04.479Z] vercel exit=1
[2026-09-17T14:48:04.481Z] DEPLOY FALHOU (não foi rate-limit). Exit=1. Resposta: Vercel CLI 59.13.1 (Node.js 22.15.0) Loading teams…    Directory       ~\Documents\Default Project\garimpador-leads  Searching for existing projects… Detected services: • frontend  [Next.js]   • backend   [FastAPI]   Error: The top-level property `framework` cannot be used with `services` because the owning service is ambiguous. Move it under the relevant service in `services`. 
[2026-09-17T15:03:01.839Z] auto-deploy iniciado (quota guard)
[2026-09-17T15:03:04.263Z] vercel exit=1
[2026-09-17T15:03:04.265Z] DEPLOY FALHOU (não foi rate-limit). Exit=1. Resposta: Vercel CLI 59.13.1 (Node.js 22.15.0) Loading teams…    Directory       ~\Documents\Default Project\garimpador-leads  Searching for existing projects… Detected services: • frontend  [Next.js]   • backend   [FastAPI]   Error: The top-level property `framework` cannot be used with `services` because the owning service is ambiguous. Move it under the relevant service in `services`. 
[2026-09-17T15:18:02.103Z] auto-deploy iniciado (quota guard)
[2026-09-17T15:18:04.283Z] vercel exit=1
[2026-09-17T15:18:04.285Z] DEPLOY FALHOU (não foi rate-limit). Exit=1. Resposta: Vercel CLI 59.13.1 (Node.js 22.15.0) Loading teams…    Directory       ~\Documents\Default Project\garimpador-leads  Searching for existing projects… Detected services: • frontend  [Next.js]   • backend   [FastAPI]   Error: The top-level property `framework` cannot be used with `services` because the owning service is ambiguous. Move it under the relevant service in `services`. 
[2026-09-17T15:33:01.808Z] auto-deploy iniciado (quota guard)
[2026-09-17T15:33:04.366Z] vercel exit=1
[2026-09-17T15:33:04.367Z] DEPLOY FALHOU (não foi rate-limit). Exit=1. Resposta: Vercel CLI 59.13.1 (Node.js 22.15.0) Loading teams…    Directory       ~\Documents\Default Project\garimpador-leads  Searching for existing projects… Detected services: • frontend  [Next.js]   • backend   [FastAPI]   Error: The top-level property `framework` cannot be used with `services` because the owning service is ambiguous. Move it under the relevant service in `services`. 
[2026-09-17T15:48:02.073Z] auto-deploy iniciado (quota guard)
[2026-09-17T15:48:04.151Z] vercel exit=1
[2026-09-17T15:48:04.152Z] DEPLOY FALHOU (não foi rate-limit). Exit=1. Resposta: Vercel CLI 59.13.1 (Node.js 22.15.0) Loading teams…    Directory       ~\Documents\Default Project\garimpador-leads  Searching for existing projects… Detected services: • frontend  [Next.js]   • backend   [FastAPI]   Error: The top-level property `framework` cannot be used with `services` because the owning service is ambiguous. Move it under the relevant service in `services`. 
[2026-09-17T16:03:02.142Z] auto-deploy iniciado (quota guard)
[2026-09-17T16:03:04.133Z] vercel exit=1
[2026-09-17T16:03:04.135Z] DEPLOY FALHOU (não foi rate-limit). Exit=1. Resposta: Vercel CLI 59.13.1 (Node.js 22.15.0) Loading teams…    Directory       ~\Documents\Default Project\garimpador-leads  Searching for existing projects… Detected services: • frontend  [Next.js]   • backend   [FastAPI]   Error: The top-level property `framework` cannot be used with `services` because the owning service is ambiguous. Move it under the relevant service in `services`. 
[2026-09-17T16:18:03.160Z] auto-deploy iniciado (quota guard)
[2026-09-17T16:18:06.443Z] vercel exit=1
[2026-09-17T16:18:06.444Z] DEPLOY FALHOU (não foi rate-limit). Exit=1. Resposta: Vercel CLI 59.13.1 (Node.js 22.15.0) Loading teams…    Directory       ~\Documents\Default Project\garimpador-leads  Searching for existing projects… Detected services: • frontend  [Next.js]   • backend   [FastAPI]   Error: The top-level property `framework` cannot be used with `services` because the owning service is ambiguous. Move it under the relevant service in `services`. 
[2026-09-17T16:33:03.710Z] auto-deploy iniciado (quota guard)
[2026-09-17T16:33:06.682Z] vercel exit=1
[2026-09-17T16:33:06.683Z] DEPLOY FALHOU (não foi rate-limit). Exit=1. Resposta: Vercel CLI 59.13.1 (Node.js 22.15.0) Loading teams…    Directory       ~\Documents\Default Project\garimpador-leads  Searching for existing projects… Detected services: • frontend  [Next.js]   • backend   [FastAPI]   Error: The top-level property `framework` cannot be used with `services` because the owning service is ambiguous. Move it under the relevant service in `services`. 
[2026-09-17T16:48:02.142Z] auto-deploy iniciado (quota guard)
[2026-09-17T16:48:04.587Z] vercel exit=1
[2026-09-17T16:48:04.588Z] DEPLOY FALHOU (não foi rate-limit). Exit=1. Resposta: Vercel CLI 59.13.1 (Node.js 22.15.0) Loading teams…    Directory       ~\Documents\Default Project\garimpador-leads  Searching for existing projects… Detected services: • frontend  [Next.js]   • backend   [FastAPI]   Error: The top-level property `framework` cannot be used with `services` because the owning service is ambiguous. Move it under the relevant service in `services`. 
[2026-09-17T17:03:02.047Z] auto-deploy iniciado (quota guard)
[2026-09-17T17:03:04.543Z] vercel exit=1
[2026-09-17T17:03:04.544Z] DEPLOY FALHOU (não foi rate-limit). Exit=1. Resposta: Vercel CLI 59.13.1 (Node.js 22.15.0) Loading teams…    Directory       ~\Documents\Default Project\garimpador-leads  Searching for existing projects… Detected services: • frontend  [Next.js]   • backend   [FastAPI]   Error: The top-level property `framework` cannot be used with `services` because the owning service is ambiguous. Move it under the relevant service in `services`. 
[2026-09-17T17:18:02.249Z] auto-deploy iniciado (quota guard)
[2026-09-17T17:18:05.404Z] vercel exit=1
[2026-09-17T17:18:05.406Z] DEPLOY FALHOU (não foi rate-limit). Exit=1. Resposta: Vercel CLI 59.13.1 (Node.js 22.15.0) Loading teams…    Directory       ~\Documents\Default Project\garimpador-leads  Searching for existing projects… Detected services: • frontend  [Next.js]   • backend   [FastAPI]   Error: The top-level property `framework` cannot be used with `services` because the owning service is ambiguous. Move it under the relevant service in `services`. 
[2026-09-17T17:33:02.361Z] auto-deploy iniciado (quota guard)
[2026-09-17T17:33:05.548Z] vercel exit=1
[2026-09-17T17:33:05.549Z] DEPLOY FALHOU (não foi rate-limit). Exit=1. Resposta: Vercel CLI 59.13.1 (Node.js 22.15.0) Loading teams…    Directory       ~\Documents\Default Project\garimpador-leads  Searching for existing projects… Detected services: • frontend  [Next.js]   • backend   [FastAPI]   Error: The top-level property `framework` cannot be used with `services` because the owning service is ambiguous. Move it under the relevant service in `services`. 
[2026-09-17T17:48:02.434Z] auto-deploy iniciado (quota guard)
[2026-09-17T17:48:14.149Z] vercel exit=1
[2026-09-17T17:48:14.150Z] DEPLOY FALHOU (não foi rate-limit). Exit=1. Resposta: Vercel CLI 59.13.1 (Node.js 22.15.0) Loading teams…    Directory       ~\Documents\Default Project\garimpador-leads  Searching for existing projects… Detected services: • frontend  [Next.js]   • backend   [FastAPI]   Error: The top-level property `framework` cannot be used with `services` because the owning service is ambiguous. Move it under the relevant service in `services`. 
[2026-09-17T18:03:02.227Z] auto-deploy iniciado (quota guard)
[2026-09-17T18:03:04.725Z] vercel exit=1
[2026-09-17T18:03:04.731Z] DEPLOY FALHOU (não foi rate-limit). Exit=1. Resposta: Vercel CLI 59.13.1 (Node.js 22.15.0) Loading teams…    Directory       ~\Documents\Default Project\garimpador-leads  Searching for existing projects… Detected services: • frontend  [Next.js]   • backend   [FastAPI]   Error: The top-level property `framework` cannot be used with `services` because the owning service is ambiguous. Move it under the relevant service in `services`. 
[2026-09-17T18:18:02.303Z] auto-deploy iniciado (quota guard)
[2026-09-17T18:18:04.352Z] vercel exit=1
[2026-09-17T18:18:04.353Z] DEPLOY FALHOU (não foi rate-limit). Exit=1. Resposta: Vercel CLI 59.13.1 (Node.js 22.15.0) Loading teams…    Directory       ~\Documents\Default Project\garimpador-leads  Searching for existing projects… Detected services: • frontend  [Next.js]   • backend   [FastAPI]   Error: The top-level property `framework` cannot be used with `services` because the owning service is ambiguous. Move it under the relevant service in `services`. 
[2026-09-17T18:33:04.057Z] auto-deploy iniciado (quota guard)
[2026-09-17T18:33:07.561Z] vercel exit=1
[2026-09-17T18:33:07.563Z] DEPLOY FALHOU (não foi rate-limit). Exit=1. Resposta: Vercel CLI 59.13.1 (Node.js 22.15.0) Loading teams…    Directory       ~\Documents\Default Project\garimpador-leads  Searching for existing projects… Detected services: • frontend  [Next.js]   • backend   [FastAPI]   Error: The top-level property `framework` cannot be used with `services` because the owning service is ambiguous. Move it under the relevant service in `services`. 
[2026-09-17T18:48:02.208Z] auto-deploy iniciado (quota guard)
[2026-09-17T18:48:04.589Z] vercel exit=1
[2026-09-17T18:48:04.591Z] DEPLOY FALHOU (não foi rate-limit). Exit=1. Resposta: Vercel CLI 59.13.1 (Node.js 22.15.0) Loading teams…    Directory       ~\Documents\Default Project\garimpador-leads  Searching for existing projects… Detected services: • frontend  [Next.js]   • backend   [FastAPI]   Error: The top-level property `framework` cannot be used with `services` because the owning service is ambiguous. Move it under the relevant service in `services`. 
[2026-09-17T19:03:02.781Z] auto-deploy iniciado (quota guard)
[2026-09-17T19:03:06.534Z] vercel exit=1
[2026-09-17T19:03:06.537Z] DEPLOY FALHOU (não foi rate-limit). Exit=1. Resposta: Vercel CLI 59.13.1 (Node.js 22.15.0) Loading teams…    Directory       ~\Documents\Default Project\garimpador-leads  Searching for existing projects… Detected services: • frontend  [Next.js]   • backend   [FastAPI]   Error: The top-level property `framework` cannot be used with `services` because the owning service is ambiguous. Move it under the relevant service in `services`. 
[2026-09-17T19:18:02.309Z] auto-deploy iniciado (quota guard)
[2026-09-17T19:18:04.817Z] vercel exit=1
[2026-09-17T19:18:04.818Z] DEPLOY FALHOU (não foi rate-limit). Exit=1. Resposta: Vercel CLI 59.13.1 (Node.js 22.15.0) Loading teams…    Directory       ~\Documents\Default Project\garimpador-leads  Searching for existing projects… Detected services: • frontend  [Next.js]   • backend   [FastAPI]   Error: The top-level property `framework` cannot be used with `services` because the owning service is ambiguous. Move it under the relevant service in `services`. 
[2026-09-17T19:33:02.564Z] auto-deploy iniciado (quota guard)
[2026-09-17T19:33:05.163Z] vercel exit=1
[2026-09-17T19:33:05.166Z] DEPLOY FALHOU (não foi rate-limit). Exit=1. Resposta: Vercel CLI 59.13.1 (Node.js 22.15.0) Loading teams…    Directory       ~\Documents\Default Project\garimpador-leads  Searching for existing projects… Detected services: • frontend  [Next.js]   • backend   [FastAPI]   Error: The top-level property `framework` cannot be used with `services` because the owning service is ambiguous. Move it under the relevant service in `services`. 
[2026-09-17T19:48:02.695Z] auto-deploy iniciado (quota guard)
[2026-09-17T19:48:17.587Z] vercel exit=1
[2026-09-17T19:48:17.589Z] DEPLOY FALHOU (não foi rate-limit). Exit=1. Resposta: Vercel CLI 59.13.1 (Node.js 22.15.0) Loading teams…    Directory       ~\Documents\Default Project\garimpador-leads  Searching for existing projects… Detected services: • frontend  [Next.js]   • backend   [FastAPI]   Error: The top-level property `framework` cannot be used with `services` because the owning service is ambiguous. Move it under the relevant service in `services`. 
[2026-09-17T20:03:02.154Z] auto-deploy iniciado (quota guard)
[2026-09-17T20:03:05.628Z] vercel exit=1
[2026-09-17T20:03:05.629Z] DEPLOY FALHOU (não foi rate-limit). Exit=1. Resposta: Vercel CLI 59.13.1 (Node.js 22.15.0) Loading teams…    Directory       ~\Documents\Default Project\garimpador-leads  Searching for existing projects… Detected services: • frontend  [Next.js]   • backend   [FastAPI]   Error: The top-level property `framework` cannot be used with `services` because the owning service is ambiguous. Move it under the relevant service in `services`. 
[2026-09-17T20:18:02.460Z] auto-deploy iniciado (quota guard)
[2026-09-17T20:18:06.141Z] vercel exit=1
[2026-09-17T20:18:06.143Z] DEPLOY FALHOU (não foi rate-limit). Exit=1. Resposta: Vercel CLI 59.13.1 (Node.js 22.15.0) Loading teams…    Directory       ~\Documents\Default Project\garimpador-leads  Searching for existing projects… Detected services: • frontend  [Next.js]   • backend   [FastAPI]   Error: The top-level property `framework` cannot be used with `services` because the owning service is ambiguous. Move it under the relevant service in `services`. 
[2026-09-17T20:33:02.116Z] auto-deploy iniciado (quota guard)
[2026-09-17T20:33:04.174Z] vercel exit=1
[2026-09-17T20:33:04.175Z] DEPLOY FALHOU (não foi rate-limit). Exit=1. Resposta: Vercel CLI 59.13.1 (Node.js 22.15.0) Loading teams…    Directory       ~\Documents\Default Project\garimpador-leads  Searching for existing projects… Detected services: • frontend  [Next.js]   • backend   [FastAPI]   Error: The top-level property `framework` cannot be used with `services` because the owning service is ambiguous. Move it under the relevant service in `services`. 
[2026-09-17T20:48:02.362Z] auto-deploy iniciado (quota guard)
[2026-09-17T20:48:04.631Z] vercel exit=1
[2026-09-17T20:48:04.631Z] DEPLOY FALHOU (não foi rate-limit). Exit=1. Resposta: Vercel CLI 59.13.1 (Node.js 22.15.0) Loading teams…    Directory       ~\Documents\Default Project\garimpador-leads  Searching for existing projects… Detected services: • frontend  [Next.js]   • backend   [FastAPI]   Error: The top-level property `framework` cannot be used with `services` because the owning service is ambiguous. Move it under the relevant service in `services`. 
[2026-09-17T21:03:02.463Z] auto-deploy iniciado (quota guard)
[2026-09-17T21:03:06.654Z] vercel exit=1
[2026-09-17T21:03:06.656Z] DEPLOY FALHOU (não foi rate-limit). Exit=1. Resposta: Vercel CLI 59.13.1 (Node.js 22.15.0) Loading teams…    Directory       ~\Documents\Default Project\garimpador-leads  Searching for existing projects… Detected services: • frontend  [Next.js]   • backend   [FastAPI]   Error: The top-level property `framework` cannot be used with `services` because the owning service is ambiguous. Move it under the relevant service in `services`. 
[2026-09-17T21:18:02.563Z] auto-deploy iniciado (quota guard)
[2026-09-17T21:18:05.398Z] vercel exit=1
[2026-09-17T21:18:05.400Z] DEPLOY FALHOU (não foi rate-limit). Exit=1. Resposta: Vercel CLI 59.13.1 (Node.js 22.15.0) Loading teams…    Directory       ~\Documents\Default Project\garimpador-leads  Searching for existing projects… Detected services: • frontend  [Next.js]   • backend   [FastAPI]   Error: The top-level property `framework` cannot be used with `services` because the owning service is ambiguous. Move it under the relevant service in `services`. 
[2026-09-17T21:33:02.354Z] auto-deploy iniciado (quota guard)
[2026-09-17T21:33:05.866Z] vercel exit=1
[2026-09-17T21:33:05.868Z] DEPLOY FALHOU (não foi rate-limit). Exit=1. Resposta: Vercel CLI 59.13.1 (Node.js 22.15.0) Loading teams…    Directory       ~\Documents\Default Project\garimpador-leads  Searching for existing projects… Detected services: • frontend  [Next.js]   • backend   [FastAPI]   Error: The top-level property `framework` cannot be used with `services` because the owning service is ambiguous. Move it under the relevant service in `services`. 
[2026-09-17T21:48:02.239Z] auto-deploy iniciado (quota guard)
[2026-09-17T21:48:03.961Z] vercel exit=1
[2026-09-17T21:48:03.962Z] DEPLOY FALHOU (não foi rate-limit). Exit=1. Resposta: Vercel CLI 59.13.1 (Node.js 22.15.0) Loading teams…    Directory       ~\Documents\Default Project\garimpador-leads  Searching for existing projects… Detected services: • frontend  [Next.js]   • backend   [FastAPI]   Error: The top-level property `framework` cannot be used with `services` because the owning service is ambiguous. Move it under the relevant service in `services`. 
[2026-09-17T22:03:02.996Z] auto-deploy iniciado (quota guard)
[2026-09-17T22:03:06.222Z] vercel exit=1
[2026-09-17T22:03:06.224Z] DEPLOY FALHOU (não foi rate-limit). Exit=1. Resposta: Vercel CLI 59.13.1 (Node.js 22.15.0) Loading teams…    Directory       ~\Documents\Default Project\garimpador-leads  Searching for existing projects… Detected services: • frontend  [Next.js]   • backend   [FastAPI]   Error: The top-level property `framework` cannot be used with `services` because the owning service is ambiguous. Move it under the relevant service in `services`. 
[2026-09-17T22:18:02.976Z] auto-deploy iniciado (quota guard)
[2026-09-17T22:18:07.802Z] vercel exit=1
[2026-09-17T22:18:07.833Z] DEPLOY FALHOU (não foi rate-limit). Exit=1. Resposta: Vercel CLI 59.13.1 (Node.js 22.15.0) Loading teams…    Directory       ~\Documents\Default Project\garimpador-leads  Searching for existing projects… Detected services: • frontend  [Next.js]   • backend   [FastAPI]   Error: The top-level property `framework` cannot be used with `services` because the owning service is ambiguous. Move it under the relevant service in `services`. 
[2026-09-17T22:33:02.514Z] auto-deploy iniciado (quota guard)
[2026-09-17T22:33:05.065Z] vercel exit=1
[2026-09-17T22:33:05.067Z] DEPLOY FALHOU (não foi rate-limit). Exit=1. Resposta: Vercel CLI 59.13.1 (Node.js 22.15.0) Loading teams…    Directory       ~\Documents\Default Project\garimpador-leads  Searching for existing projects… Detected services: • frontend  [Next.js]   • backend   [FastAPI]   Error: The top-level property `framework` cannot be used with `services` because the owning service is ambiguous. Move it under the relevant service in `services`. 
[2026-09-17T22:48:02.402Z] auto-deploy iniciado (quota guard)
[2026-09-17T22:48:04.532Z] vercel exit=1
[2026-09-17T22:48:04.534Z] DEPLOY FALHOU (não foi rate-limit). Exit=1. Resposta: Vercel CLI 59.13.1 (Node.js 22.15.0) Loading teams…    Directory       ~\Documents\Default Project\garimpador-leads  Searching for existing projects… Detected services: • frontend  [Next.js]   • backend   [FastAPI]   Error: The top-level property `framework` cannot be used with `services` because the owning service is ambiguous. Move it under the relevant service in `services`. 
[2026-09-17T23:03:02.047Z] auto-deploy iniciado (quota guard)
[2026-09-17T23:03:04.637Z] vercel exit=1
[2026-09-17T23:03:04.638Z] DEPLOY FALHOU (não foi rate-limit). Exit=1. Resposta: Vercel CLI 59.13.1 (Node.js 22.15.0) Loading teams…    Directory       ~\Documents\Default Project\garimpador-leads  Searching for existing projects… Detected services: • frontend  [Next.js]   • backend   [FastAPI]   Error: The top-level property `framework` cannot be used with `services` because the owning service is ambiguous. Move it under the relevant service in `services`. 
